2022-08-20 16:21:45,002 - F:/惠朗时代科技/惠朗双项目/face-recognition-service/api.py[line:28] - INFO: -----第1页----------
2022-08-20 16:21:47,409 - F:/惠朗时代科技/惠朗双项目/face-recognition-service/api.py[line:19] - INFO: <!DOCTYPE HTML PUBLIC "-//W3C//DTD HTML 3.2 Final//EN">
<title>500 Internal Server Error</title>
<h1>Internal Server Error</h1>
<p>The server encountered an internal error and was unable to complete your request. Either the server is overloaded or there is an error in the application.</p>

2022-08-20 16:21:47,411 - F:/惠朗时代科技/惠朗双项目/face-recognition-service/api.py[line:28] - INFO: -----第2页----------
2022-08-20 16:21:49,449 - F:/惠朗时代科技/惠朗双项目/face-recognition-service/api.py[line:19] - INFO: <!DOCTYPE HTML PUBLIC "-//W3C//DTD HTML 3.2 Final//EN">
<title>500 Internal Server Error</title>
<h1>Internal Server Error</h1>
<p>The server encountered an internal error and was unable to complete your request. Either the server is overloaded or there is an error in the application.</p>

2022-08-20 16:21:49,451 - F:/惠朗时代科技/惠朗双项目/face-recognition-service/api.py[line:28] - INFO: -----第3页----------
2022-08-20 16:21:51,486 - F:/惠朗时代科技/惠朗双项目/face-recognition-service/api.py[line:19] - INFO: <!DOCTYPE HTML PUBLIC "-//W3C//DTD HTML 3.2 Final//EN">
<title>500 Internal Server Error</title>
<h1>Internal Server Error</h1>
<p>The server encountered an internal error and was unable to complete your request. Either the server is overloaded or there is an error in the application.</p>

2022-08-20 16:21:51,487 - F:/惠朗时代科技/惠朗双项目/face-recognition-service/api.py[line:28] - INFO: -----第4页----------
2022-08-20 16:21:53,527 - F:/惠朗时代科技/惠朗双项目/face-recognition-service/api.py[line:19] - INFO: <!DOCTYPE HTML PUBLIC "-//W3C//DTD HTML 3.2 Final//EN">
<title>500 Internal Server Error</title>
<h1>Internal Server Error</h1>
<p>The server encountered an internal error and was unable to complete your request. Either the server is overloaded or there is an error in the application.</p>

2022-08-20 16:21:53,528 - F:/惠朗时代科技/惠朗双项目/face-recognition-service/api.py[line:28] - INFO: -----第5页----------
2022-08-20 16:21:55,588 - F:/惠朗时代科技/惠朗双项目/face-recognition-service/api.py[line:19] - INFO: <!DOCTYPE HTML PUBLIC "-//W3C//DTD HTML 3.2 Final//EN">
<title>500 Internal Server Error</title>
<h1>Internal Server Error</h1>
<p>The server encountered an internal error and was unable to complete your request. Either the server is overloaded or there is an error in the application.</p>

2022-08-20 16:21:55,590 - F:/惠朗时代科技/惠朗双项目/face-recognition-service/api.py[line:28] - INFO: -----第6页----------
2022-08-20 16:21:57,621 - F:/惠朗时代科技/惠朗双项目/face-recognition-service/api.py[line:19] - INFO: <!DOCTYPE HTML PUBLIC "-//W3C//DTD HTML 3.2 Final//EN">
<title>500 Internal Server Error</title>
<h1>Internal Server Error</h1>
<p>The server encountered an internal error and was unable to complete your request. Either the server is overloaded or there is an error in the application.</p>

2022-08-20 16:21:57,622 - F:/惠朗时代科技/惠朗双项目/face-recognition-service/api.py[line:28] - INFO: -----第7页----------
2022-08-20 16:21:59,671 - F:/惠朗时代科技/惠朗双项目/face-recognition-service/api.py[line:19] - INFO: <!DOCTYPE HTML PUBLIC "-//W3C//DTD HTML 3.2 Final//EN">
<title>500 Internal Server Error</title>
<h1>Internal Server Error</h1>
<p>The server encountered an internal error and was unable to complete your request. Either the server is overloaded or there is an error in the application.</p>

2022-08-20 16:21:59,672 - F:/惠朗时代科技/惠朗双项目/face-recognition-service/api.py[line:28] - INFO: -----第8页----------
